[
  {
    "Date": "2025-01-31T19:19:00Z",
    "Open": 26.05,
    "High": 26.05,
    "Low": 26.05,
    "Close": 26.05,
    "Volume": 9,
    "Count": 0
  },
  {
    "Date": "2025-01-31T20:33:00Z",
    "Open": 24.12,
    "High": 24.12,
    "Low": 24.12,
    "Close": 24.12,
    "Volume": 1,
    "Count": 0
  },
  {
    "Date": "2025-02-03T15:37:00Z",
    "Open": 19.5,
    "High": 19.5,
    "Low": 19.5,
    "Close": 19.5,
    "Volume": 2,
    "Count": 0
  },
  {
    "Date": "2025-02-04T17:31:00Z",
    "Open": 21.36,
    "High": 21.36,
    "Low": 21.36,
    "Close": 21.36,
    "Volume": 2,
    "Count": 0
  },
  {
    "Date": "2025-02-04T19:55:00Z",
    "Open": 23.45,
    "High": 23.45,
    "Low": 23.45,
    "Close": 23.45,
    "Volume": 2,
    "Count": 0
  },
  {
    "Date": "2025-02-05T20:23:00Z",
    "Open": 24.81,
    "High": 24.81,
    "Low": 24.81,
    "Close": 24.81,
    "Volume": 1,
    "Count": 0
  },
  {
    "Date": "2025-02-06T18:13:00Z",
    "Open": 26.32,
    "High": 26.32,
    "Low": 26.32,
    "Close": 26.32,
    "Volume": 1,
    "Count": 0
  },
  {
    "Date": "2025-02-07T15:52:00Z",
    "Open": 25.87,
    "High": 25.87,
    "Low": 25.87,
    "Close": 25.87,
    "Volume": 5,
    "Count": 0
  },
  {
    "Date": "2025-02-07T20:36:00Z",
    "Open": 21.58,
    "High": 21.58,
    "Low": 21.58,
    "Close": 21.58,
    "Volume": 5,
    "Count": 0
  },
  {
    "Date": "2025-02-10T14:40:00Z",
    "Open": 23.37,
    "High": 23.37,
    "Low": 23.37,
    "Close": 23.37,
    "Volume": 1,
    "Count": 0
  },
  {
    "Date": "2025-02-10T18:08:00Z",
    "Open": 25.04,
    "High": 25.04,
    "Low": 25.04,
    "Close": 25.04,
    "Volume": 2,
    "Count": 0
  },
  {
    "Date": "2025-02-11T15:34:00Z",
    "Open": 24.27,
    "High": 24.27,
    "Low": 24.27,
    "Close": 24.27,
    "Volume": 1,
    "Count": 0
  },
  {
    "Date": "2025-02-12T15:29:00Z",
    "Open": 21.37,
    "High": 21.37,
    "Low": 21.37,
    "Close": 21.37,
    "Volume": 1,
    "Count": 0
  },
  {
    "Date": "2025-02-12T17:13:00Z",
    "Open": 23.7,
    "High": 23.7,
    "Low": 23.7,
    "Close": 23.7,
    "Volume": 1,
    "Count": 0
  },
  {
    "Date": "2025-02-12T17:51:00Z",
    "Open": 24.01,
    "High": 24.01,
    "Low": 24.01,
    "Close": 24.01,
    "Volume": 1,
    "Count": 0
  },
  {
    "Date": "2025-02-12T19:24:00Z",
    "Open": 23.3,
    "High": 23.3,
    "Low": 23.3,
    "Close": 23.3,
    "Volume": 9,
    "Count": 0
  },
  {
    "Date": "2025-02-12T19:26:00Z",
    "Open": 22.97,
    "High": 22.97,
    "Low": 22.97,
    "Close": 22.97,
    "Volume": 10,
    "Count": 0
  },
  {
    "Date": "2025-02-12T19:49:00Z",
    "Open": 24.2,
    "High": 24.2,
    "Low": 24.2,
    "Close": 24.2,
    "Volume": 1,
    "Count": 0
  },
  {
    "Date": "2025-02-12T20:38:00Z",
    "Open": 23.48,
    "High": 23.48,
    "Low": 23.48,
    "Close": 23.48,
    "Volume": 27,
    "Count": 0
  },
  {
    "Date": "2025-02-12T20:39:00Z",
    "Open": 23.32,
    "High": 23.32,
    "Low": 23.32,
    "Close": 23.32,
    "Volume": 23,
    "Count": 0
  }
]